Script started on Fri 16 Feb 2018 01:14:48 PM MST
[dfrey@blanca ~]$ echo $SHELL
/bin/bash
[dfrey@blanca ~]$ echo $0
bash
[dfrey@blanca ~]$ ksh
$ echo $0
ksh
$ bash
[dfrey@blanca ~]$ echo $0
bash
[dfrey@blanca ~]$ exit
exit
$ exit
[dfrey@blanca ~]$ echo $0
bash
[dfrey@blanca ~]$ echo $SHELL
/bin/bash
[dfrey@blanca ~]$ exit
exit

Script done on Fri 16 Feb 2018 01:17:27 PM MST
Script started on Wed 21 Feb 2018 03:29:13 PM MST
[dfrey@blanca ch5]$ who > file1
[dfrey@blanca ch5]$ more file1
(unknown) :0           2017-08-25 13:27 (:0)
dfrey    pts/0        2018-02-21 15:04 (128.198.100.1)
gdelbrid pts/1        2018-02-21 13:21 (uccs-vpn-a211.uccs.edu)
dfrey    pts/3        2018-02-21 15:29
dfrey    pts/4        2018-02-21 15:10 (128.198.100.1)
[dfrey@blanca ch5]$ date; who > file2
Wed Feb 21 15:29:32 MST 2018
[dfrey@blanca ch5]$ more file2
(unknown) :0           2017-08-25 13:27 (:0)
dfrey    pts/0        2018-02-21 15:04 (128.198.100.1)
gdelbrid pts/1        2018-02-21 13:21 (uccs-vpn-a211.uccs.edu)
dfrey    pts/3        2018-02-21 15:29
dfrey    pts/4        2018-02-21 15:10 (128.198.100.1)
[dfrey@blanca ch5]$ ksh
$ date; who > file2 3) > file3(date; who) > file3$ (
$ more file2 3
Wed Feb 21 15:30:29 MST 2018
(unknown) :0           2017-08-25 13:27 (:0)
dfrey    pts/0        2018-02-21 15:04 (128.198.100.1)
gdelbrid pts/1        2018-02-21 13:21 (uccs-vpn-a211.uccs.edu)
dfrey    pts/3        2018-02-21 15:29
dfrey    pts/4        2018-02-21 15:10 (128.198.100.1)
$ date; who > file2       ; who>; who ; whof; whoi; whol; whoe; who4; who
(unknown) :0           2017-08-25 13:27 (:0)
dfrey    pts/0        2018-02-21 15:04 (128.198.100.1)
gdelbrid pts/1        2018-02-21 13:21 (uccs-vpn-a211.uccs.edu)
dfrey    pts/3        2018-02-21 15:29
dfrey    pts/4        2018-02-21 15:10 (128.198.100.1)
$ more file4
Wed Feb 21 15:31:45 MST 2018
$ cp file3 file3.bak
$ cp file3 file3.bak$ more file4        $ date > file4; who$ more file3       $ (date; who) > file3ate; who) > file3 $ (bate; who) > file3$ (bate; who) >> file3
ksh: bate: not found [No such file or directory]
$ more file3
Wed Feb 21 15:30:29 MST 2018
(unknown) :0           2017-08-25 13:27 (:0)
dfrey    pts/0        2018-02-21 15:04 (128.198.100.1)
gdelbrid pts/1        2018-02-21 13:21 (uccs-vpn-a211.uccs.edu)
dfrey    pts/3        2018-02-21 15:29
dfrey    pts/4        2018-02-21 15:10 (128.198.100.1)
(unknown) :0           2017-08-25 13:27 (:0)
dfrey    pts/0        2018-02-21 15:04 (128.198.100.1)
gdelbrid pts/1        2018-02-21 13:21 (uccs-vpn-a211.uccs.edu)
dfrey    pts/3        2018-02-21 15:29
dfrey    pts/4        2018-02-21 15:10 (128.198.100.1)
$ more file3.bak
Wed Feb 21 15:30:29 MST 2018
(unknown) :0           2017-08-25 13:27 (:0)
dfrey    pts/0        2018-02-21 15:04 (128.198.100.1)
gdelbrid pts/1        2018-02-21 13:21 (uccs-vpn-a211.uccs.edu)
dfrey    pts/3        2018-02-21 15:29
dfrey    pts/4        2018-02-21 15:10 (128.198.100.1)
$ more file3.bak$ more file3    $ (bate; who) >> file3 2>&1
$ more file3
Wed Feb 21 15:30:29 MST 2018
(unknown) :0           2017-08-25 13:27 (:0)
dfrey    pts/0        2018-02-21 15:04 (128.198.100.1)
gdelbrid pts/1        2018-02-21 13:21 (uccs-vpn-a211.uccs.edu)
dfrey    pts/3        2018-02-21 15:29
dfrey    pts/4        2018-02-21 15:10 (128.198.100.1)
(unknown) :0           2017-08-25 13:27 (:0)
dfrey    pts/0        2018-02-21 15:04 (128.198.100.1)
gdelbrid pts/1        2018-02-21 13:21 (uccs-vpn-a211.uccs.edu)
dfrey    pts/3        2018-02-21 15:29
dfrey    pts/4        2018-02-21 15:10 (128.198.100.1)
ksh: bate: not found [No such file or directory]
(unknown) :0           2017-08-25 13:27 (:0)
dfrey    pts/0        2018-02-21 15:04 (128.198.100.1)
gdelbrid pts/1        2018-02-21 13:21 (uccs-vpn-a211.uccs.edu)
dfrey    pts/3        2018-02-21 15:29
dfrey    pts/4        2018-02-21 15:10 (128.198.100.1)
$ more file3$ (bate; who) >> file3 2>&1 2>&1 4 2>&1 2>&1   file4 2> ~> file4 2>> file4 2> > file4 2>file5
$ more file4
(unknown) :0           2017-08-25 13:27 (:0)
dfrey    pts/0        2018-02-21 15:04 (128.198.100.1)
gdelbrid pts/1        2018-02-21 13:21 (uccs-vpn-a211.uccs.edu)
dfrey    pts/3        2018-02-21 15:29
dfrey    pts/4        2018-02-21 15:10 (128.198.100.1)
$ more file5
ksh: bate: not found [No such file or directory]
$ exit
[dfrey@blanca ch5]$ exit
exit

Script done on Wed 21 Feb 2018 03:41:44 PM MST
Script started on Wed 21 Feb 2018 04:01:22 PM MST
[dfrey@blanca ch5]$ ksh
$ set -o vi
$ ls -l | lpr
lpr: Error - no default destination available.
$ ls -l | tee > file1 | lpr
lpr: Error - no default destination available.
$ ls -l | tee > file1 2 file3 | lpr
lpr: Error - no default destination available.
$ set -o noclobber
$ ls -l | tee > file1 |lpr
ksh: file1: file already exists [File exists]
lpr: Error - no default destination available.
$ ls -l | tee >| file1 | lpr
lpr: Error - no default destination available.
$ set +o noclobber
$ ls -l | tee > file3 | cp file4
cp: missing destination file operand after ‘file4’
Try 'cp --help' for more information.
$ ls -l | tee > file3 file4
$ more file3
total 14
-rw-r--r--+ 1 dfrey domain users    0 Feb 21 16:01 ch5SessionIII.txt
-rw-r--r--+ 1 dfrey domain users 4315 Feb 21 15:41 ch5SessionII.txt
-rw-r--r--+ 1 dfrey domain users  396 Feb 16 13:17 ch5SessionI.txt
-rw-r--r--+ 1 dfrey domain users  559 Feb 21 16:05 file1
-rw-r--r--+ 1 dfrey domain users  559 Feb 21 16:03 file2
-rw-r--r--+ 1 dfrey domain users    0 Feb 21 16:16 file3
-rw-r--r--+ 1 dfrey domain users  287 Feb 21 15:32 file3.bak
-rw-r--r--+ 1 dfrey domain users    0 Feb 21 16:16 file4
-rw-r--r--+ 1 dfrey domain users   49 Feb 21 15:41 file5
$ more file4
total 14
-rw-r--r--+ 1 dfrey domain users    0 Feb 21 16:01 ch5SessionIII.txt
-rw-r--r--+ 1 dfrey domain users 4315 Feb 21 15:41 ch5SessionII.txt
-rw-r--r--+ 1 dfrey domain users  396 Feb 16 13:17 ch5SessionI.txt
-rw-r--r--+ 1 dfrey domain users  559 Feb 21 16:05 file1
-rw-r--r--+ 1 dfrey domain users  559 Feb 21 16:03 file2
-rw-r--r--+ 1 dfrey domain users    0 Feb 21 16:16 file3
-rw-r--r--+ 1 dfrey domain users  287 Feb 21 15:32 file3.bak
-rw-r--r--+ 1 dfrey domain users    0 Feb 21 16:16 file4
-rw-r--r--+ 1 dfrey domain users   49 Feb 21 15:41 file5
$ exit
[dfrey@blanca ch5]$ exit
exit

Script done on Wed 21 Feb 2018 04:17:03 PM MST
